
Per  Ken Subtratie email May 2015

################################################################################
# Build guide for IPOP on CentOS 6.5                                           #
################################################################################

# Notes:
# When entering gclient commands, several warnings/errors may be reported about broken/unfound
# dependencies/software in parts of webrtc - these can be ignored, since all we need is libjingle.

		$ sudo yum install java-1.7.0-openjdk-devel git subversion pkg-config make gcc gcc-c++ python
		$ sudo yum install expat-devel gtk2-devel nss-devel openssl-devel
		$ sudo wget http://people.centos.org/tru/devtools-1.1/devtools-1.1.repo -P /etc/yum.repos.d
		$ sudo sh -c 'echo "enabled=1" >> /etc/yum.repos.d/devtools-1.1.repo'
		$ sudo yum install devtoolset-1.1

		$ mkdir libjingle; cd libjingle
		$ git clone --depth 1 https://chromium.googlesource.com/chromium/tools/depot_tools.git

		$ export JAVA_HOME=/usr/lib/jvm/java
		$ export PATH="$(pwd)/depot_tools:$PATH"
		$ export GYP_DEFINES="use_openssl=1"
		$ sudo ln -s /usr/lib64/libpython2.6.so.1.0 /usr/lib/
		$ scl enable devtoolset-1.1 bash

#install pyenv (python version management)
$ curl -L https://raw.githubusercontent.com/yyuu/pyenv-installer/master/bin/pyenv-installer | bash

#set up environment variables
$ export PATH="$HOME/.pyenv/bin:$PATH"
$ eval "$(pyenv init -)"
$ eval "$(pyenv virtualenv-init -)"

#download python dependencies
$ yum install zlib-devel bzip2 bzip2-devel readline-devel sqlite sqlite-devel mysql-devel

#(optional) Find the latest version of python 2.7
$ pyenv install -l | grep 2.7

#install python 2.7.x and set local enivironment to version 2.7.x (for this terminal)
$ pyenv install 2.7.9
$ pyenv local 2.7.9

		$ gclient config --name=trunk http://webrtc.googlecode.com/svn/branches/3.52

		$ gclient sync --force

		$ cd trunk/talk; mkdir ipop-project; cd ipop-project
		$ git clone --depth 1 https://github.com/ipop-project/ipop-tap.git
		$ git clone --depth 1 https://github.com/ipop-project/ipop-tincan.git

		$ cd ../../

		$ rm -f DEPS all.gyp talk/libjingle.gyp talk/ipop-tincan.gyp
		$ cp talk/ipop-project/ipop-tincan/build/ipop-tincan.gyp talk/
		$ cp talk/ipop-project/ipop-tincan/build/libjingle.gyp talk/
		$ cp talk/ipop-project/ipop-tincan/build/all.gyp .
		$ cp talk/ipop-project/ipop-tincan/build/DEPS .

		$ gclient sync --force

		$ gclient runhooks --force
		$ ninja -C out/Release ipop-tincan
		$ ninja -C out/Debug ipop-tincan
